> Task :clean
> Task :compileJava
> Task :processResources
> Task :classes
> Task :compileTestJava
> Task :processTestResources NO-SOURCE
> Task :testClasses
OpenJDK 64-Bit Server VM warning: Sharing is only supported for boot loader classes because bootstrap classpath has been appended
2025-11-10T14:00:42.040+09:00  INFO 74564 --- [noti-idempo] [ionShutdownHook] o.s.b.w.e.tomcat.GracefulShutdown        : Commencing graceful shutdown. Waiting for active requests to complete
2025-11-10T14:00:42.056+09:00  INFO 74564 --- [noti-idempo] [tomcat-shutdown] o.s.b.w.e.tomcat.GracefulShutdown        : Graceful shutdown complete
2025-11-10T14:00:42.075+09:00  INFO 74564 --- [noti-idempo] [ionShutdownHook] j.LocalContainerEntityManagerFactoryBean : Closing JPA EntityManagerFactory for persistence unit 'default'
Hibernate: 
    drop table if exists notification_records cascade 
2025-11-10T14:00:42.081+09:00  INFO 74564 --- [noti-idempo] [ionShutdownHook] com.zaxxer.hikari.HikariDataSource       : HikariPool-1 - Shutdown initiated...
2025-11-10T14:00:42.085+09:00  INFO 74564 --- [noti-idempo] [ionShutdownHook] com.zaxxer.hikari.HikariDataSource       : HikariPool-1 - Shutdown completed.
> Task :test

BUILD SUCCESSFUL in 16s
5 actionable tasks: 5 executed
